MPLINK 5.08, LINKER
Linker Map File - Created Mon Oct 19 08:13:43 2020

                                 Section Info
                  Section       Type    Address   Location Size(Bytes)
                ---------  ---------  ---------  ---------  ---------
                   .org_0       code   0x000000    program   0x000002
                   .cinit    romdata   0x000001    program   0x000004
                   .org_1       code   0x000004    program   0x000046
.config_2007_BUILD/DEFAULT/PRODUCTION/UARTTES       code   0x002007    program   0x000002
.config_2008_BUILD/DEFAULT/PRODUCTION/UARTTES       code   0x002008    program   0x000002



                              Program Memory Usage 
                               Start         End      
                           ---------   ---------      
                            0x000000    0x000002      
                            0x000004    0x000026      
                            0x002007    0x002008      
            40 out of 8455 program addresses used, program memory utilization is 0%



                              Symbols - Sorted by Name
                     Name    Address   Location    Storage File                     
                ---------  ---------  ---------  --------- ---------                
                    BUCLE   0x000025    program     static C:\Users\ASUS\Documents\GitHub\dig2C\uart\uart.X\uarttest.asm
                    INTER   0x00000d    program     static C:\Users\ASUS\Documents\GitHub\dig2C\uart\uart.X\uarttest.asm
                  TX_DATO   0x000005    program     static C:\Users\ASUS\Documents\GitHub\dig2C\uart\uart.X\uarttest.asm
                 TX_DAT_W   0x000009    program     static C:\Users\ASUS\Documents\GitHub\dig2C\uart\uart.X\uarttest.asm
                   VOLVER   0x000013    program     static C:\Users\ASUS\Documents\GitHub\dig2C\uart\uart.X\uarttest.asm
                   inicio   0x000014    program     static C:\Users\ASUS\Documents\GitHub\dig2C\uart\uart.X\uarttest.asm



                              Symbols - Sorted by Address
                     Name    Address   Location    Storage File                     
                ---------  ---------  ---------  --------- ---------                
                  TX_DATO   0x000005    program     static C:\Users\ASUS\Documents\GitHub\dig2C\uart\uart.X\uarttest.asm
                 TX_DAT_W   0x000009    program     static C:\Users\ASUS\Documents\GitHub\dig2C\uart\uart.X\uarttest.asm
                    INTER   0x00000d    program     static C:\Users\ASUS\Documents\GitHub\dig2C\uart\uart.X\uarttest.asm
                   VOLVER   0x000013    program     static C:\Users\ASUS\Documents\GitHub\dig2C\uart\uart.X\uarttest.asm
                   inicio   0x000014    program     static C:\Users\ASUS\Documents\GitHub\dig2C\uart\uart.X\uarttest.asm
                    BUCLE   0x000025    program     static C:\Users\ASUS\Documents\GitHub\dig2C\uart\uart.X\uarttest.asm


