MPLINK 5.08, LINKER
Linker Map File - Created Thu Oct 22 10:09:30 2020

                                 Section Info
                  Section       Type    Address   Location Size(Bytes)
                ---------  ---------  ---------  ---------  ---------
                   .org_0       code   0x000000    program   0x000002
                   .cinit    romdata   0x000001    program   0x000004
                   .org_1       code   0x000004    program   0x0000f2
.config_2007_BUILD/DEFAULT/PRODUCTION/UARTTES       code   0x002007    program   0x000002
.config_2008_BUILD/DEFAULT/PRODUCTION/UARTTES       code   0x002008    program   0x000002



                              Program Memory Usage 
                               Start         End      
                           ---------   ---------      
                            0x000000    0x000002      
                            0x000004    0x00007c      
                            0x002007    0x002008      
            126 out of 8455 program addresses used, program memory utilization is 1%



                              Symbols - Sorted by Name
                     Name    Address   Location    Storage File                     
                ---------  ---------  ---------  --------- ---------                
             AfterAdding3   0x000072    program     static C:\Users\ASUS\Documents\GitHub\dig2C\uart\uart.X\uarttest.asm
            AfterAdding_3   0x00007b    program     static C:\Users\ASUS\Documents\GitHub\dig2C\uart\uart.X\uarttest.asm
                    BUCLE   0x000026    program     static C:\Users\ASUS\Documents\GitHub\dig2C\uart\uart.X\uarttest.asm
               Binary2BCD   0x00004a    program     static C:\Users\ASUS\Documents\GitHub\dig2C\uart\uart.X\uarttest.asm
               DELAY_20MS   0x000041    program     static C:\Users\ASUS\Documents\GitHub\dig2C\uart\uart.X\uarttest.asm
                    INTER   0x00000e    program     static C:\Users\ASUS\Documents\GitHub\dig2C\uart\uart.X\uarttest.asm
              Repeticion1   0x000043    program     static C:\Users\ASUS\Documents\GitHub\dig2C\uart\uart.X\uarttest.asm
              Repeticion2   0x000045    program     static C:\Users\ASUS\Documents\GitHub\dig2C\uart\uart.X\uarttest.asm
        RotateZeroIntoHun   0x000063    program     static C:\Users\ASUS\Documents\GitHub\dig2C\uart\uart.X\uarttest.asm
        RotateZeroIntoTen   0x00005b    program     static C:\Users\ASUS\Documents\GitHub\dig2C\uart\uart.X\uarttest.asm
                  TX_DATO   0x000005    program     static C:\Users\ASUS\Documents\GitHub\dig2C\uart\uart.X\uarttest.asm
                 TX_DATO1   0x000039    program     static C:\Users\ASUS\Documents\GitHub\dig2C\uart\uart.X\uarttest.asm
                 TX_DAT_1   0x00003d    program     static C:\Users\ASUS\Documents\GitHub\dig2C\uart\uart.X\uarttest.asm
                 TX_DAT_W   0x00000a    program     static C:\Users\ASUS\Documents\GitHub\dig2C\uart\uart.X\uarttest.asm
                   VOLVER   0x000014    program     static C:\Users\ASUS\Documents\GitHub\dig2C\uart\uart.X\uarttest.asm
         completeTenCarry   0x000065    program     static C:\Users\ASUS\Documents\GitHub\dig2C\uart\uart.X\uarttest.asm
        completeUnitCarry   0x00005d    program     static C:\Users\ASUS\Documents\GitHub\dig2C\uart\uart.X\uarttest.asm
                 continue   0x000069    program     static C:\Users\ASUS\Documents\GitHub\dig2C\uart\uart.X\uarttest.asm
            endBinary2BCD   0x00007c    program     static C:\Users\ASUS\Documents\GitHub\dig2C\uart\uart.X\uarttest.asm
                   inicio   0x000015    program     static C:\Users\ASUS\Documents\GitHub\dig2C\uart\uart.X\uarttest.asm
          startconversion   0x000053    program     static C:\Users\ASUS\Documents\GitHub\dig2C\uart\uart.X\uarttest.asm



                              Symbols - Sorted by Address
                     Name    Address   Location    Storage File                     
                ---------  ---------  ---------  --------- ---------                
                  TX_DATO   0x000005    program     static C:\Users\ASUS\Documents\GitHub\dig2C\uart\uart.X\uarttest.asm
                 TX_DAT_W   0x00000a    program     static C:\Users\ASUS\Documents\GitHub\dig2C\uart\uart.X\uarttest.asm
                    INTER   0x00000e    program     static C:\Users\ASUS\Documents\GitHub\dig2C\uart\uart.X\uarttest.asm
                   VOLVER   0x000014    program     static C:\Users\ASUS\Documents\GitHub\dig2C\uart\uart.X\uarttest.asm
                   inicio   0x000015    program     static C:\Users\ASUS\Documents\GitHub\dig2C\uart\uart.X\uarttest.asm
                    BUCLE   0x000026    program     static C:\Users\ASUS\Documents\GitHub\dig2C\uart\uart.X\uarttest.asm
                 TX_DATO1   0x000039    program     static C:\Users\ASUS\Documents\GitHub\dig2C\uart\uart.X\uarttest.asm
                 TX_DAT_1   0x00003d    program     static C:\Users\ASUS\Documents\GitHub\dig2C\uart\uart.X\uarttest.asm
               DELAY_20MS   0x000041    program     static C:\Users\ASUS\Documents\GitHub\dig2C\uart\uart.X\uarttest.asm
              Repeticion1   0x000043    program     static C:\Users\ASUS\Documents\GitHub\dig2C\uart\uart.X\uarttest.asm
              Repeticion2   0x000045    program     static C:\Users\ASUS\Documents\GitHub\dig2C\uart\uart.X\uarttest.asm
               Binary2BCD   0x00004a    program     static C:\Users\ASUS\Documents\GitHub\dig2C\uart\uart.X\uarttest.asm
          startconversion   0x000053    program     static C:\Users\ASUS\Documents\GitHub\dig2C\uart\uart.X\uarttest.asm
        RotateZeroIntoTen   0x00005b    program     static C:\Users\ASUS\Documents\GitHub\dig2C\uart\uart.X\uarttest.asm
        completeUnitCarry   0x00005d    program     static C:\Users\ASUS\Documents\GitHub\dig2C\uart\uart.X\uarttest.asm
        RotateZeroIntoHun   0x000063    program     static C:\Users\ASUS\Documents\GitHub\dig2C\uart\uart.X\uarttest.asm
         completeTenCarry   0x000065    program     static C:\Users\ASUS\Documents\GitHub\dig2C\uart\uart.X\uarttest.asm
                 continue   0x000069    program     static C:\Users\ASUS\Documents\GitHub\dig2C\uart\uart.X\uarttest.asm
             AfterAdding3   0x000072    program     static C:\Users\ASUS\Documents\GitHub\dig2C\uart\uart.X\uarttest.asm
            AfterAdding_3   0x00007b    program     static C:\Users\ASUS\Documents\GitHub\dig2C\uart\uart.X\uarttest.asm
            endBinary2BCD   0x00007c    program     static C:\Users\ASUS\Documents\GitHub\dig2C\uart\uart.X\uarttest.asm


