MPLINK 5.08, LINKER
Linker Map File - Created Thu Oct 01 14:43:58 2020

                                 Section Info
                  Section       Type    Address   Location Size(Bytes)
                ---------  ---------  ---------  ---------  ---------
                   .org_0       code   0x000000    program   0x0000ea
                   .cinit    romdata   0x000075    program   0x000004
.config_2007_BUILD/DEFAULT/PRODUCTION/CONTADO       code   0x002007    program   0x000002
.config_2008_BUILD/DEFAULT/PRODUCTION/CONTADO       code   0x002008    program   0x000002



                              Program Memory Usage 
                               Start         End      
                           ---------   ---------      
                            0x000000    0x000076      
                            0x002007    0x002008      
            121 out of 8455 program addresses used, program memory utilization is 1%



                              Symbols - Sorted by Name
                     Name    Address   Location    Storage File                     
                ---------  ---------  ---------  --------- ---------                
             AfterAdding3   0x00006a    program     static C:\Users\ASUS\Documents\GitHub\dig2C\ContadorBCD\contadorbcd.X\contador.asm
            AfterAdding_3   0x000073    program     static C:\Users\ASUS\Documents\GitHub\dig2C\ContadorBCD\contadorbcd.X\contador.asm
               Binary2BCD   0x000042    program     static C:\Users\ASUS\Documents\GitHub\dig2C\ContadorBCD\contadorbcd.X\contador.asm
               DELAY_20MS   0x000039    program     static C:\Users\ASUS\Documents\GitHub\dig2C\ContadorBCD\contadorbcd.X\contador.asm
         DISP_UPDATE_TENS   0x000027    program     static C:\Users\ASUS\Documents\GitHub\dig2C\ContadorBCD\contadorbcd.X\contador.asm
         DISP_UPDATE_UNIT   0x000021    program     static C:\Users\ASUS\Documents\GitHub\dig2C\ContadorBCD\contadorbcd.X\contador.asm
                     INIT   0x000001    program     static C:\Users\ASUS\Documents\GitHub\dig2C\ContadorBCD\contadorbcd.X\contador.asm
             INIT_COUNTER   0x00001e    program     static C:\Users\ASUS\Documents\GitHub\dig2C\ContadorBCD\contadorbcd.X\contador.asm
                INIT_FREQ   0x000018    program     static C:\Users\ASUS\Documents\GitHub\dig2C\ContadorBCD\contadorbcd.X\contador.asm
                     MAIN   0x00000f    program     static C:\Users\ASUS\Documents\GitHub\dig2C\ContadorBCD\contadorbcd.X\contador.asm
              Repeticion1   0x00003b    program     static C:\Users\ASUS\Documents\GitHub\dig2C\ContadorBCD\contadorbcd.X\contador.asm
              Repeticion2   0x00003d    program     static C:\Users\ASUS\Documents\GitHub\dig2C\ContadorBCD\contadorbcd.X\contador.asm
        RotateZeroIntoHun   0x00005b    program     static C:\Users\ASUS\Documents\GitHub\dig2C\ContadorBCD\contadorbcd.X\contador.asm
        RotateZeroIntoTen   0x000053    program     static C:\Users\ASUS\Documents\GitHub\dig2C\ContadorBCD\contadorbcd.X\contador.asm
          SEVENSEG_LOOKUP   0x00002d    program     static C:\Users\ASUS\Documents\GitHub\dig2C\ContadorBCD\contadorbcd.X\contador.asm
         completeTenCarry   0x00005d    program     static C:\Users\ASUS\Documents\GitHub\dig2C\ContadorBCD\contadorbcd.X\contador.asm
        completeUnitCarry   0x000055    program     static C:\Users\ASUS\Documents\GitHub\dig2C\ContadorBCD\contadorbcd.X\contador.asm
                 continue   0x000061    program     static C:\Users\ASUS\Documents\GitHub\dig2C\ContadorBCD\contadorbcd.X\contador.asm
            endBinary2BCD   0x000074    program     static C:\Users\ASUS\Documents\GitHub\dig2C\ContadorBCD\contadorbcd.X\contador.asm
          startconversion   0x00004b    program     static C:\Users\ASUS\Documents\GitHub\dig2C\ContadorBCD\contadorbcd.X\contador.asm



                              Symbols - Sorted by Address
                     Name    Address   Location    Storage File                     
                ---------  ---------  ---------  --------- ---------                
                     INIT   0x000001    program     static C:\Users\ASUS\Documents\GitHub\dig2C\ContadorBCD\contadorbcd.X\contador.asm
                     MAIN   0x00000f    program     static C:\Users\ASUS\Documents\GitHub\dig2C\ContadorBCD\contadorbcd.X\contador.asm
                INIT_FREQ   0x000018    program     static C:\Users\ASUS\Documents\GitHub\dig2C\ContadorBCD\contadorbcd.X\contador.asm
             INIT_COUNTER   0x00001e    program     static C:\Users\ASUS\Documents\GitHub\dig2C\ContadorBCD\contadorbcd.X\contador.asm
         DISP_UPDATE_UNIT   0x000021    program     static C:\Users\ASUS\Documents\GitHub\dig2C\ContadorBCD\contadorbcd.X\contador.asm
         DISP_UPDATE_TENS   0x000027    program     static C:\Users\ASUS\Documents\GitHub\dig2C\ContadorBCD\contadorbcd.X\contador.asm
          SEVENSEG_LOOKUP   0x00002d    program     static C:\Users\ASUS\Documents\GitHub\dig2C\ContadorBCD\contadorbcd.X\contador.asm
               DELAY_20MS   0x000039    program     static C:\Users\ASUS\Documents\GitHub\dig2C\ContadorBCD\contadorbcd.X\contador.asm
              Repeticion1   0x00003b    program     static C:\Users\ASUS\Documents\GitHub\dig2C\ContadorBCD\contadorbcd.X\contador.asm
              Repeticion2   0x00003d    program     static C:\Users\ASUS\Documents\GitHub\dig2C\ContadorBCD\contadorbcd.X\contador.asm
               Binary2BCD   0x000042    program     static C:\Users\ASUS\Documents\GitHub\dig2C\ContadorBCD\contadorbcd.X\contador.asm
          startconversion   0x00004b    program     static C:\Users\ASUS\Documents\GitHub\dig2C\ContadorBCD\contadorbcd.X\contador.asm
        RotateZeroIntoTen   0x000053    program     static C:\Users\ASUS\Documents\GitHub\dig2C\ContadorBCD\contadorbcd.X\contador.asm
        completeUnitCarry   0x000055    program     static C:\Users\ASUS\Documents\GitHub\dig2C\ContadorBCD\contadorbcd.X\contador.asm
        RotateZeroIntoHun   0x00005b    program     static C:\Users\ASUS\Documents\GitHub\dig2C\ContadorBCD\contadorbcd.X\contador.asm
         completeTenCarry   0x00005d    program     static C:\Users\ASUS\Documents\GitHub\dig2C\ContadorBCD\contadorbcd.X\contador.asm
                 continue   0x000061    program     static C:\Users\ASUS\Documents\GitHub\dig2C\ContadorBCD\contadorbcd.X\contador.asm
             AfterAdding3   0x00006a    program     static C:\Users\ASUS\Documents\GitHub\dig2C\ContadorBCD\contadorbcd.X\contador.asm
            AfterAdding_3   0x000073    program     static C:\Users\ASUS\Documents\GitHub\dig2C\ContadorBCD\contadorbcd.X\contador.asm
            endBinary2BCD   0x000074    program     static C:\Users\ASUS\Documents\GitHub\dig2C\ContadorBCD\contadorbcd.X\contador.asm


