MPLINK 5.08, LINKER
Linker Map File - Created Mon Oct 05 08:49:14 2020

                                 Section Info
                  Section       Type    Address   Location Size(Bytes)
                ---------  ---------  ---------  ---------  ---------
                   .org_0       code   0x000000    program   0x000148
                   .cinit    romdata   0x0000a4    program   0x000004
.config_2007_BUILD/DEFAULT/DEBUG/CONTADOR.O       code   0x002007    program   0x000002
.config_2008_BUILD/DEFAULT/DEBUG/CONTADOR.O       code   0x002008    program   0x000002



                              Program Memory Usage 
                               Start         End      
                           ---------   ---------      
                            0x000000    0x0000a5      
                            0x002007    0x002008      
            168 out of 8455 program addresses used, program memory utilization is 1%



                              Symbols - Sorted by Name
                     Name    Address   Location    Storage File                     
                ---------  ---------  ---------  --------- ---------                
             AfterAdding3   0x000099    program     static C:\Users\ASUS\Documents\GitHub\dig2C\ContadorBCD\contadorbcd.X\contador.asm
            AfterAdding_3   0x0000a2    program     static C:\Users\ASUS\Documents\GitHub\dig2C\ContadorBCD\contadorbcd.X\contador.asm
               Binary2BCD   0x000071    program     static C:\Users\ASUS\Documents\GitHub\dig2C\ContadorBCD\contadorbcd.X\contador.asm
               DELAY_20MS   0x000068    program     static C:\Users\ASUS\Documents\GitHub\dig2C\ContadorBCD\contadorbcd.X\contador.asm
         DISP_UPDATE_TENS   0x000056    program     static C:\Users\ASUS\Documents\GitHub\dig2C\ContadorBCD\contadorbcd.X\contador.asm
         DISP_UPDATE_UNIT   0x000050    program     static C:\Users\ASUS\Documents\GitHub\dig2C\ContadorBCD\contadorbcd.X\contador.asm
              END_BTN_ASC   0x000042    program     static C:\Users\ASUS\Documents\GitHub\dig2C\ContadorBCD\contadorbcd.X\contador.asm
              END_BTN_DSC   0x00004f    program     static C:\Users\ASUS\Documents\GitHub\dig2C\ContadorBCD\contadorbcd.X\contador.asm
                     INIT   0x000001    program     static C:\Users\ASUS\Documents\GitHub\dig2C\ContadorBCD\contadorbcd.X\contador.asm
             INIT_COUNTER   0x000028    program     static C:\Users\ASUS\Documents\GitHub\dig2C\ContadorBCD\contadorbcd.X\contador.asm
                INIT_FREQ   0x000022    program     static C:\Users\ASUS\Documents\GitHub\dig2C\ContadorBCD\contadorbcd.X\contador.asm
                     MAIN   0x000016    program     static C:\Users\ASUS\Documents\GitHub\dig2C\ContadorBCD\contadorbcd.X\contador.asm
          RELEASE_BTN_ASC   0x00003c    program     static C:\Users\ASUS\Documents\GitHub\dig2C\ContadorBCD\contadorbcd.X\contador.asm
          RELEASE_BTN_DSC   0x000049    program     static C:\Users\ASUS\Documents\GitHub\dig2C\ContadorBCD\contadorbcd.X\contador.asm
                      RUN   0x000019    program     static C:\Users\ASUS\Documents\GitHub\dig2C\ContadorBCD\contadorbcd.X\contador.asm
              Repeticion1   0x00006a    program     static C:\Users\ASUS\Documents\GitHub\dig2C\ContadorBCD\contadorbcd.X\contador.asm
              Repeticion2   0x00006c    program     static C:\Users\ASUS\Documents\GitHub\dig2C\ContadorBCD\contadorbcd.X\contador.asm
        RotateZeroIntoHun   0x00008a    program     static C:\Users\ASUS\Documents\GitHub\dig2C\ContadorBCD\contadorbcd.X\contador.asm
        RotateZeroIntoTen   0x000082    program     static C:\Users\ASUS\Documents\GitHub\dig2C\ContadorBCD\contadorbcd.X\contador.asm
                  SETTING   0x00002b    program     static C:\Users\ASUS\Documents\GitHub\dig2C\ContadorBCD\contadorbcd.X\contador.asm
          SEVENSEG_LOOKUP   0x00005c    program     static C:\Users\ASUS\Documents\GitHub\dig2C\ContadorBCD\contadorbcd.X\contador.asm
           UPDATE_BTN_ASC   0x000036    program     static C:\Users\ASUS\Documents\GitHub\dig2C\ContadorBCD\contadorbcd.X\contador.asm
           UPDATE_BTN_DSC   0x000043    program     static C:\Users\ASUS\Documents\GitHub\dig2C\ContadorBCD\contadorbcd.X\contador.asm
         completeTenCarry   0x00008c    program     static C:\Users\ASUS\Documents\GitHub\dig2C\ContadorBCD\contadorbcd.X\contador.asm
        completeUnitCarry   0x000084    program     static C:\Users\ASUS\Documents\GitHub\dig2C\ContadorBCD\contadorbcd.X\contador.asm
                 continue   0x000090    program     static C:\Users\ASUS\Documents\GitHub\dig2C\ContadorBCD\contadorbcd.X\contador.asm
            endBinary2BCD   0x0000a3    program     static C:\Users\ASUS\Documents\GitHub\dig2C\ContadorBCD\contadorbcd.X\contador.asm
          startconversion   0x00007a    program     static C:\Users\ASUS\Documents\GitHub\dig2C\ContadorBCD\contadorbcd.X\contador.asm



                              Symbols - Sorted by Address
                     Name    Address   Location    Storage File                     
                ---------  ---------  ---------  --------- ---------                
                     INIT   0x000001    program     static C:\Users\ASUS\Documents\GitHub\dig2C\ContadorBCD\contadorbcd.X\contador.asm
                     MAIN   0x000016    program     static C:\Users\ASUS\Documents\GitHub\dig2C\ContadorBCD\contadorbcd.X\contador.asm
                      RUN   0x000019    program     static C:\Users\ASUS\Documents\GitHub\dig2C\ContadorBCD\contadorbcd.X\contador.asm
                INIT_FREQ   0x000022    program     static C:\Users\ASUS\Documents\GitHub\dig2C\ContadorBCD\contadorbcd.X\contador.asm
             INIT_COUNTER   0x000028    program     static C:\Users\ASUS\Documents\GitHub\dig2C\ContadorBCD\contadorbcd.X\contador.asm
                  SETTING   0x00002b    program     static C:\Users\ASUS\Documents\GitHub\dig2C\ContadorBCD\contadorbcd.X\contador.asm
           UPDATE_BTN_ASC   0x000036    program     static C:\Users\ASUS\Documents\GitHub\dig2C\ContadorBCD\contadorbcd.X\contador.asm
          RELEASE_BTN_ASC   0x00003c    program     static C:\Users\ASUS\Documents\GitHub\dig2C\ContadorBCD\contadorbcd.X\contador.asm
              END_BTN_ASC   0x000042    program     static C:\Users\ASUS\Documents\GitHub\dig2C\ContadorBCD\contadorbcd.X\contador.asm
           UPDATE_BTN_DSC   0x000043    program     static C:\Users\ASUS\Documents\GitHub\dig2C\ContadorBCD\contadorbcd.X\contador.asm
          RELEASE_BTN_DSC   0x000049    program     static C:\Users\ASUS\Documents\GitHub\dig2C\ContadorBCD\contadorbcd.X\contador.asm
              END_BTN_DSC   0x00004f    program     static C:\Users\ASUS\Documents\GitHub\dig2C\ContadorBCD\contadorbcd.X\contador.asm
         DISP_UPDATE_UNIT   0x000050    program     static C:\Users\ASUS\Documents\GitHub\dig2C\ContadorBCD\contadorbcd.X\contador.asm
         DISP_UPDATE_TENS   0x000056    program     static C:\Users\ASUS\Documents\GitHub\dig2C\ContadorBCD\contadorbcd.X\contador.asm
          SEVENSEG_LOOKUP   0x00005c    program     static C:\Users\ASUS\Documents\GitHub\dig2C\ContadorBCD\contadorbcd.X\contador.asm
               DELAY_20MS   0x000068    program     static C:\Users\ASUS\Documents\GitHub\dig2C\ContadorBCD\contadorbcd.X\contador.asm
              Repeticion1   0x00006a    program     static C:\Users\ASUS\Documents\GitHub\dig2C\ContadorBCD\contadorbcd.X\contador.asm
              Repeticion2   0x00006c    program     static C:\Users\ASUS\Documents\GitHub\dig2C\ContadorBCD\contadorbcd.X\contador.asm
               Binary2BCD   0x000071    program     static C:\Users\ASUS\Documents\GitHub\dig2C\ContadorBCD\contadorbcd.X\contador.asm
          startconversion   0x00007a    program     static C:\Users\ASUS\Documents\GitHub\dig2C\ContadorBCD\contadorbcd.X\contador.asm
        RotateZeroIntoTen   0x000082    program     static C:\Users\ASUS\Documents\GitHub\dig2C\ContadorBCD\contadorbcd.X\contador.asm
        completeUnitCarry   0x000084    program     static C:\Users\ASUS\Documents\GitHub\dig2C\ContadorBCD\contadorbcd.X\contador.asm
        RotateZeroIntoHun   0x00008a    program     static C:\Users\ASUS\Documents\GitHub\dig2C\ContadorBCD\contadorbcd.X\contador.asm
         completeTenCarry   0x00008c    program     static C:\Users\ASUS\Documents\GitHub\dig2C\ContadorBCD\contadorbcd.X\contador.asm
                 continue   0x000090    program     static C:\Users\ASUS\Documents\GitHub\dig2C\ContadorBCD\contadorbcd.X\contador.asm
             AfterAdding3   0x000099    program     static C:\Users\ASUS\Documents\GitHub\dig2C\ContadorBCD\contadorbcd.X\contador.asm
            AfterAdding_3   0x0000a2    program     static C:\Users\ASUS\Documents\GitHub\dig2C\ContadorBCD\contadorbcd.X\contador.asm
            endBinary2BCD   0x0000a3    program     static C:\Users\ASUS\Documents\GitHub\dig2C\ContadorBCD\contadorbcd.X\contador.asm


